0 verbose cli /usr/bin/node /usr/bin/npm
1 info using npm@9.2.0
2 info using node@v18.19.1
3 timing npm:load:whichnode Completed in 1ms
4 timing config:load:defaults Completed in 3ms
5 timing config:load:file:/usr/share/nodejs/npm/npmrc Completed in 6ms
6 timing config:load:builtin Completed in 6ms
7 timing config:load:cli Completed in 2ms
8 timing config:load:env Completed in 1ms
9 timing config:load:file:/home/devproduction/secure-lab-app/.npmrc Completed in 1ms
10 timing config:load:project Completed in 2ms
11 timing config:load:file:/home/devproduction/.npmrc Completed in 0ms
12 timing config:load:user Completed in 0ms
13 timing config:load:file:/etc/npmrc Completed in 0ms
14 timing config:load:global Completed in 0ms
15 timing config:load:setEnvs Completed in 1ms
16 timing config:load Completed in 16ms
17 timing npm:load:configload Completed in 16ms
18 timing npm:load:mkdirpcache Completed in 1ms
19 timing npm:load:mkdirplogs Completed in 0ms
20 verbose title npm install
21 verbose argv "install"
22 timing npm:load:setTitle Completed in 2ms
23 timing config:load:flatten Completed in 5ms
24 timing npm:load:display Completed in 7ms
25 verbose logfile logs-max:10 dir:/home/devproduction/.npm/_logs/2026-09-26T14_38_33_078Z-
26 verbose logfile /home/devproduction/.npm/_logs/2026-09-26T14_38_33_078Z-debug-0.log
27 timing npm:load:logFile Completed in 12ms
28 timing npm:load:timers Completed in 0ms
29 timing npm:load:configScope Completed in 0ms
30 timing npm:load Completed in 40ms
31 silly logfile done cleaning log files
32 timing config:load:flatten Completed in 1ms
33 timing arborist:ctor Completed in 1ms
34 timing arborist:ctor Completed in 0ms
35 timing idealTree:init Completed in 22ms
36 timing idealTree:userRequests Completed in 0ms
37 silly idealTree buildDeps
38 silly fetch manifest express@^5.1.0
39 http fetch GET 200 https://registry.npmjs.org/express 551ms (cache miss)
40 silly placeDep ROOT express@5.2.1 OK for: secure-lab-app@1.0.0 want: ^5.1.0
41 silly fetch manifest qs@^6.14.0
42 silly fetch manifest depd@^2.0.0
43 silly fetch manifest etag@^1.8.1
44 silly fetch manifest once@^1.4.0
45 silly fetch manifest send@^1.1.0
46 silly fetch manifest vary@^1.1.2
47 silly fetch manifest debug@^4.4.0
48 silly fetch manifest fresh@^2.0.0
49 silly fetch manifest cookie@^0.7.1
50 silly fetch manifest router@^2.2.0
51 silly fetch manifest accepts@^2.0.0
52 silly fetch manifest type-is@^2.0.1
53 silly fetch manifest parseurl@^1.3.3
54 silly fetch manifest statuses@^2.0.1
55 silly fetch manifest encodeurl@^2.0.0
56 silly fetch manifest mime-types@^3.0.0
57 silly fetch manifest proxy-addr@^2.0.7
58 silly fetch manifest body-parser@^2.2.1
59 silly fetch manifest escape-html@^1.0.3
60 silly fetch manifest http-errors@^2.0.0
61 silly fetch manifest on-finished@^2.4.1
62 silly fetch manifest content-type@^1.0.5
63 silly fetch manifest finalhandler@^2.1.0
64 silly fetch manifest range-parser@^1.2.1
65 silly fetch manifest serve-static@^2.2.0
66 silly fetch manifest cookie-signature@^1.2.1
67 silly fetch manifest merge-descriptors@^2.0.0
68 silly fetch manifest content-disposition@^1.0.0
69 http fetch GET 200 https://registry.npmjs.org/qs 123ms (cache miss)
70 http fetch GET 200 https://registry.npmjs.org/vary 247ms (cache miss)
71 http fetch GET 200 https://registry.npmjs.org/mime-types 248ms (cache miss)
72 http fetch GET 200 https://registry.npmjs.org/etag 260ms (cache miss)
73 http fetch GET 200 https://registry.npmjs.org/fresh 257ms (cache miss)
74 http fetch GET 200 https://registry.npmjs.org/escape-html 250ms (cache miss)
75 http fetch GET 200 https://registry.npmjs.org/cookie 267ms (cache miss)
76 http fetch GET 200 https://registry.npmjs.org/http-errors 266ms (cache miss)
77 http fetch GET 200 https://registry.npmjs.org/router 277ms (cache miss)
78 http fetch GET 200 https://registry.npmjs.org/send 283ms (cache miss)
79 http fetch GET 200 https://registry.npmjs.org/merge-descriptors 265ms (cache miss)
80 http fetch GET 200 https://registry.npmjs.org/cookie-signature 267ms (cache miss)
81 http fetch GET 200 https://registry.npmjs.org/parseurl 279ms (cache miss)
82 http fetch GET 200 https://registry.npmjs.org/body-parser 276ms (cache miss)
83 http fetch GET 200 https://registry.npmjs.org/debug 288ms (cache miss)
84 http fetch GET 200 https://registry.npmjs.org/serve-static 276ms (cache miss)
85 http fetch GET 200 https://registry.npmjs.org/accepts 392ms (cache miss)
86 http fetch GET 200 https://registry.npmjs.org/once 457ms (cache miss)
87 http fetch GET 200 https://registry.npmjs.org/proxy-addr 456ms (cache miss)
88 http fetch GET 200 https://registry.npmjs.org/finalhandler 457ms (cache miss)
89 http fetch GET 200 https://registry.npmjs.org/on-finished 463ms (cache miss)
90 http fetch GET 200 https://registry.npmjs.org/statuses 501ms (cache miss)
91 http fetch GET 200 https://registry.npmjs.org/depd 516ms (cache miss)
92 http fetch GET 200 https://registry.npmjs.org/range-parser 514ms (cache miss)
93 http fetch GET 200 https://registry.npmjs.org/content-disposition 573ms (cache miss)
94 http fetch GET 200 https://registry.npmjs.org/encodeurl 608ms (cache miss)
95 http fetch GET 200 https://registry.npmjs.org/type-is 823ms (cache miss)
96 http fetch GET 200 https://registry.npmjs.org/content-type 875ms (cache miss)
97 timing idealTree:#root Completed in 1480ms
98 silly placeDep ROOT accepts@2.0.0 OK for: express@5.2.1 want: ^2.0.0
99 silly placeDep ROOT body-parser@2.3.0 OK for: express@5.2.1 want: ^2.2.1
100 silly placeDep ROOT content-disposition@1.1.0 OK for: express@5.2.1 want: ^1.0.0
101 silly placeDep ROOT content-type@1.0.5 OK for: express@5.2.1 want: ^1.0.5
102 silly placeDep ROOT cookie@0.7.2 OK for: express@5.2.1 want: ^0.7.1
103 silly placeDep ROOT cookie-signature@1.2.2 OK for: express@5.2.1 want: ^1.2.1
104 silly placeDep ROOT debug@4.4.3 OK for: express@5.2.1 want: ^4.4.0
105 silly placeDep ROOT depd@2.0.0 OK for: express@5.2.1 want: ^2.0.0
106 silly placeDep ROOT encodeurl@2.0.0 OK for: express@5.2.1 want: ^2.0.0
107 silly placeDep ROOT escape-html@1.0.3 OK for: express@5.2.1 want: ^1.0.3
108 silly placeDep ROOT etag@1.8.1 OK for: express@5.2.1 want: ^1.8.1
109 silly placeDep ROOT finalhandler@2.1.1 OK for: express@5.2.1 want: ^2.1.0
110 silly placeDep ROOT fresh@2.0.0 OK for: express@5.2.1 want: ^2.0.0
111 silly placeDep ROOT http-errors@2.0.1 OK for: express@5.2.1 want: ^2.0.0
112 silly placeDep ROOT merge-descriptors@2.0.0 OK for: express@5.2.1 want: ^2.0.0
113 silly placeDep ROOT mime-types@3.0.2 OK for: express@5.2.1 want: ^3.0.0
114 silly placeDep ROOT on-finished@2.4.1 OK for: express@5.2.1 want: ^2.4.1
115 silly placeDep ROOT once@1.4.0 OK for: express@5.2.1 want: ^1.4.0
116 silly placeDep ROOT parseurl@1.3.3 OK for: express@5.2.1 want: ^1.3.3
117 silly placeDep ROOT proxy-addr@2.0.8 OK for: express@5.2.1 want: ^2.0.7
118 silly placeDep ROOT qs@6.16.0 OK for: express@5.2.1 want: ^6.14.0
119 silly placeDep ROOT range-parser@1.3.0 OK for: express@5.2.1 want: ^1.2.1
120 silly placeDep ROOT router@2.2.0 OK for: express@5.2.1 want: ^2.2.0
121 silly placeDep ROOT send@1.2.1 OK for: express@5.2.1 want: ^1.1.0
122 silly placeDep ROOT serve-static@2.2.1 OK for: express@5.2.1 want: ^2.2.0
123 silly placeDep ROOT statuses@2.0.2 OK for: express@5.2.1 want: ^2.0.1
124 silly placeDep ROOT type-is@2.1.0 OK for: express@5.2.1 want: ^2.0.1
125 silly placeDep ROOT vary@1.1.2 OK for: express@5.2.1 want: ^1.1.2
126 silly fetch manifest negotiator@^1.0.0
127 silly fetch manifest bytes@^3.1.2
128 silly fetch manifest raw-body@^3.0.2
129 silly fetch manifest iconv-lite@^0.7.2
130 silly fetch manifest content-type@^2.0.0
131 silly fetch manifest ms@^2.1.3
132 silly fetch manifest inherits@~2.0.4
133 silly fetch manifest setprototypeof@~1.2.0
134 silly fetch manifest toidentifier@~1.0.1
135 silly fetch manifest mime-db@^1.54.0
136 silly fetch manifest ee-first@1.1.1
137 silly fetch manifest wrappy@1
138 silly fetch manifest forwarded@0.2.0
139 silly fetch manifest ipaddr.js@1.9.1
140 silly fetch manifest side-channel@^1.1.1
141 silly fetch manifest es-define-property@^1.0.1
142 silly fetch manifest is-promise@^4.0.0
143 silly fetch manifest path-to-regexp@^8.0.0
144 silly fetch manifest media-typer@^1.1.0
145 http fetch GET 200 https://registry.npmjs.org/iconv-lite 58ms (cache miss)
146 http fetch GET 200 https://registry.npmjs.org/wrappy 137ms (cache miss)
147 http fetch GET 200 https://registry.npmjs.org/forwarded 138ms (cache miss)
148 http fetch GET 200 https://registry.npmjs.org/ee-first 141ms (cache miss)
149 http fetch GET 200 https://registry.npmjs.org/side-channel 140ms (cache miss)
150 http fetch GET 200 https://registry.npmjs.org/setprototypeof 151ms (cache miss)
151 http fetch GET 200 https://registry.npmjs.org/is-promise 140ms (cache miss)
152 http fetch GET 200 https://registry.npmjs.org/media-typer 138ms (cache miss)
153 http fetch GET 200 https://registry.npmjs.org/ipaddr.js 144ms (cache miss)
154 http fetch GET 200 https://registry.npmjs.org/mime-db 155ms (cache miss)
155 http fetch GET 200 https://registry.npmjs.org/path-to-regexp 146ms (cache miss)
156 http fetch GET 200 https://registry.npmjs.org/toidentifier 294ms (cache miss)
157 http fetch GET 200 https://registry.npmjs.org/raw-body 367ms (cache miss)
158 http fetch GET 200 https://registry.npmjs.org/negotiator 371ms (cache miss)
159 http fetch GET 200 https://registry.npmjs.org/es-define-property 355ms (cache miss)
160 http fetch GET 200 https://registry.npmjs.org/inherits 445ms (cache miss)
161 http fetch GET 200 https://registry.npmjs.org/ms 521ms (cache miss)
162 http fetch GET 200 https://registry.npmjs.org/bytes 830ms (cache miss)
163 timing idealTree:node_modules/express Completed in 897ms
164 silly placeDep ROOT negotiator@1.1.0 OK for: accepts@2.0.0 want: ^1.0.0
165 silly fetch manifest content-type@^2.1.0
166 timing idealTree:node_modules/accepts Completed in 5ms
167 silly placeDep ROOT bytes@3.1.2 OK for: body-parser@2.3.0 want: ^3.1.2
168 silly placeDep node_modules/body-parser content-type@2.1.0 OK for: body-parser@2.3.0 want: ^2.0.0
169 silly placeDep ROOT iconv-lite@0.7.3 OK for: body-parser@2.3.0 want: ^0.7.2
170 silly placeDep ROOT raw-body@3.0.2 OK for: body-parser@2.3.0 want: ^3.0.2
171 silly fetch manifest safer-buffer@>= 2.1.2 < 3.0.0
172 silly fetch manifest unpipe@~1.0.0
173 http fetch GET 200 https://registry.npmjs.org/unpipe 32ms (cache miss)
174 http fetch GET 200 https://registry.npmjs.org/safer-buffer 267ms (cache miss)
175 timing idealTree:node_modules/body-parser Completed in 278ms
176 timing idealTree:node_modules/bytes Completed in 1ms
177 timing idealTree:node_modules/content-disposition Completed in 0ms
178 timing idealTree:node_modules/content-type Completed in 0ms
179 timing idealTree:node_modules/cookie Completed in 0ms
180 timing idealTree:node_modules/cookie-signature Completed in 0ms
181 silly placeDep ROOT ms@2.1.3 OK for: debug@4.4.3 want: ^2.1.3
182 timing idealTree:node_modules/debug Completed in 1ms
183 timing idealTree:node_modules/depd Completed in 0ms
184 timing idealTree:node_modules/encodeurl Completed in 0ms
185 timing idealTree:node_modules/escape-html Completed in 0ms
186 timing idealTree:node_modules/etag Completed in 0ms
187 timing idealTree:node_modules/finalhandler Completed in 0ms
188 timing idealTree:node_modules/fresh Completed in 0ms
189 silly placeDep ROOT inherits@2.0.4 OK for: http-errors@2.0.1 want: ~2.0.4
190 silly placeDep ROOT setprototypeof@1.2.0 OK for: http-errors@2.0.1 want: ~1.2.0
191 silly placeDep ROOT toidentifier@1.0.1 OK for: http-errors@2.0.1 want: ~1.0.1
192 timing idealTree:node_modules/http-errors Completed in 4ms
193 silly placeDep ROOT safer-buffer@2.1.2 OK for: iconv-lite@0.7.3 want: >= 2.1.2 < 3.0.0
194 timing idealTree:node_modules/iconv-lite Completed in 1ms
195 timing idealTree:node_modules/inherits Completed in 0ms
196 timing idealTree:node_modules/merge-descriptors Completed in 0ms
197 silly placeDep ROOT mime-db@1.54.0 OK for: mime-types@3.0.2 want: ^1.54.0
198 timing idealTree:node_modules/mime-types Completed in 1ms
199 timing idealTree:node_modules/mime-db Completed in 0ms
200 timing idealTree:node_modules/ms Completed in 0ms
201 silly placeDep node_modules/negotiator content-type@2.1.0 OK for: negotiator@1.1.0 want: ^2.1.0
202 timing idealTree:node_modules/negotiator Completed in 2ms
203 silly placeDep ROOT ee-first@1.1.1 OK for: on-finished@2.4.1 want: 1.1.1
204 timing idealTree:node_modules/on-finished Completed in 1ms
205 timing idealTree:node_modules/ee-first Completed in 0ms
206 silly placeDep ROOT wrappy@1.0.2 OK for: once@1.4.0 want: 1
207 timing idealTree:node_modules/once Completed in 2ms
208 timing idealTree:node_modules/parseurl Completed in 0ms
209 silly placeDep ROOT forwarded@0.2.0 OK for: proxy-addr@2.0.8 want: 0.2.0
210 silly placeDep ROOT ipaddr.js@1.9.1 OK for: proxy-addr@2.0.8 want: 1.9.1
211 timing idealTree:node_modules/proxy-addr Completed in 2ms
212 timing idealTree:node_modules/forwarded Completed in 0ms
213 timing idealTree:node_modules/ipaddr.js Completed in 0ms
214 silly placeDep ROOT es-define-property@1.0.1 OK for: qs@6.16.0 want: ^1.0.1
215 silly placeDep ROOT side-channel@1.1.1 OK for: qs@6.16.0 want: ^1.1.1
216 silly fetch manifest es-errors@^1.3.0
217 silly fetch manifest object-inspect@^1.13.4
218 silly fetch manifest side-channel-list@^1.0.1
219 silly fetch manifest side-channel-map@^1.0.1
220 silly fetch manifest side-channel-weakmap@^1.0.2
221 http fetch GET 200 https://registry.npmjs.org/object-inspect 267ms (cache miss)
222 http fetch GET 200 https://registry.npmjs.org/side-channel-list 278ms (cache miss)
223 http fetch GET 200 https://registry.npmjs.org/es-errors 341ms (cache miss)
224 http fetch GET 200 https://registry.npmjs.org/side-channel-map 446ms (cache miss)
225 http fetch GET 200 https://registry.npmjs.org/side-channel-weakmap 442ms (cache miss)
226 timing idealTree:node_modules/qs Completed in 454ms
227 timing idealTree:node_modules/es-define-property Completed in 0ms
228 timing idealTree:node_modules/range-parser Completed in 0ms
229 silly placeDep ROOT unpipe@1.0.0 OK for: raw-body@3.0.2 want: ~1.0.0
230 timing idealTree:node_modules/raw-body Completed in 1ms
231 silly placeDep ROOT is-promise@4.0.0 OK for: router@2.2.0 want: ^4.0.0
232 silly placeDep ROOT path-to-regexp@8.4.2 OK for: router@2.2.0 want: ^8.0.0
233 timing idealTree:node_modules/router Completed in 3ms
234 timing idealTree:node_modules/is-promise Completed in 0ms
235 timing idealTree:node_modules/path-to-regexp Completed in 0ms
236 timing idealTree:node_modules/safer-buffer Completed in 0ms
237 timing idealTree:node_modules/send Completed in 1ms
238 timing idealTree:node_modules/serve-static Completed in 0ms
239 timing idealTree:node_modules/setprototypeof Completed in 0ms
240 silly placeDep ROOT es-errors@1.3.0 OK for: side-channel@1.1.1 want: ^1.3.0
241 silly placeDep ROOT object-inspect@1.13.4 OK for: side-channel@1.1.1 want: ^1.13.4
242 silly placeDep ROOT side-channel-list@1.0.1 OK for: side-channel@1.1.1 want: ^1.0.1
243 silly placeDep ROOT side-channel-map@1.0.1 OK for: side-channel@1.1.1 want: ^1.0.1
244 silly placeDep ROOT side-channel-weakmap@1.0.2 OK for: side-channel@1.1.1 want: ^1.0.2
245 silly fetch manifest call-bound@^1.0.2
246 silly fetch manifest get-intrinsic@^1.2.5
247 http fetch GET 200 https://registry.npmjs.org/call-bound 39ms (cache miss)
248 http fetch GET 200 https://registry.npmjs.org/get-intrinsic 40ms (cache miss)
249 timing idealTree:node_modules/side-channel Completed in 54ms
250 timing idealTree:node_modules/es-errors Completed in 0ms
251 timing idealTree:node_modules/object-inspect Completed in 0ms
252 timing idealTree:node_modules/side-channel-list Completed in 0ms
253 silly placeDep ROOT call-bound@1.0.4 OK for: side-channel-map@1.0.1 want: ^1.0.2
254 silly placeDep ROOT get-intrinsic@1.3.0 OK for: side-channel-map@1.0.1 want: ^1.2.5
255 silly fetch manifest call-bind-apply-helpers@^1.0.2
256 silly fetch manifest gopd@^1.2.0
257 silly fetch manifest hasown@^2.0.2
258 silly fetch manifest get-proto@^1.0.1
259 silly fetch manifest has-symbols@^1.1.0
260 silly fetch manifest function-bind@^1.1.2
261 silly fetch manifest es-object-atoms@^1.1.1
262 silly fetch manifest math-intrinsics@^1.1.0
263 http fetch GET 200 https://registry.npmjs.org/es-object-atoms 43ms (cache miss)
264 http fetch GET 200 https://registry.npmjs.org/get-proto 48ms (cache miss)
265 http fetch GET 200 https://registry.npmjs.org/hasown 50ms (cache miss)
266 http fetch GET 200 https://registry.npmjs.org/math-intrinsics 47ms (cache miss)
267 http fetch GET 200 https://registry.npmjs.org/has-symbols 49ms (cache miss)
268 http fetch GET 200 https://registry.npmjs.org/function-bind 290ms (cache miss)
269 http fetch GET 200 https://registry.npmjs.org/call-bind-apply-helpers 356ms (cache miss)
270 http fetch GET 200 https://registry.npmjs.org/gopd 708ms (cache miss)
271 timing idealTree:node_modules/side-channel-map Completed in 716ms
272 silly placeDep ROOT call-bind-apply-helpers@1.0.2 OK for: call-bound@1.0.4 want: ^1.0.2
273 timing idealTree:node_modules/call-bound Completed in 4ms
274 silly placeDep ROOT function-bind@1.1.2 OK for: call-bind-apply-helpers@1.0.2 want: ^1.1.2
275 timing idealTree:node_modules/call-bind-apply-helpers Completed in 4ms
276 timing idealTree:node_modules/function-bind Completed in 0ms
277 silly placeDep ROOT es-object-atoms@1.1.2 OK for: get-intrinsic@1.3.0 want: ^1.1.1
278 silly placeDep ROOT get-proto@1.0.1 OK for: get-intrinsic@1.3.0 want: ^1.0.1
279 silly placeDep ROOT gopd@1.2.0 OK for: get-intrinsic@1.3.0 want: ^1.2.0
280 silly placeDep ROOT has-symbols@1.1.0 OK for: get-intrinsic@1.3.0 want: ^1.1.0
281 silly placeDep ROOT hasown@2.0.4 OK for: get-intrinsic@1.3.0 want: ^2.0.2
282 silly placeDep ROOT math-intrinsics@1.1.0 OK for: get-intrinsic@1.3.0 want: ^1.1.0
283 silly fetch manifest dunder-proto@^1.0.1
284 http fetch GET 200 https://registry.npmjs.org/dunder-proto 28ms (cache miss)
285 timing idealTree:node_modules/get-intrinsic Completed in 40ms
286 timing idealTree:node_modules/es-object-atoms Completed in 0ms
287 silly placeDep ROOT dunder-proto@1.0.1 OK for: get-proto@1.0.1 want: ^1.0.1
288 timing idealTree:node_modules/get-proto Completed in 1ms
289 timing idealTree:node_modules/dunder-proto Completed in 0ms
290 timing idealTree:node_modules/gopd Completed in 0ms
291 timing idealTree:node_modules/has-symbols Completed in 0ms
292 timing idealTree:node_modules/hasown Completed in 0ms
293 timing idealTree:node_modules/math-intrinsics Completed in 0ms
294 timing idealTree:node_modules/side-channel-weakmap Completed in 0ms
295 timing idealTree:node_modules/statuses Completed in 0ms
296 timing idealTree:node_modules/toidentifier Completed in 0ms
297 silly placeDep node_modules/type-is content-type@2.1.0 OK for: type-is@2.1.0 want: ^2.0.0
298 silly placeDep ROOT media-typer@1.1.1 OK for: type-is@2.1.0 want: ^1.1.0
299 timing idealTree:node_modules/type-is Completed in 4ms
300 timing idealTree:node_modules/media-typer Completed in 0ms
301 timing idealTree:node_modules/unpipe Completed in 0ms
302 timing idealTree:node_modules/vary Completed in 0ms
303 timing idealTree:node_modules/wrappy Completed in 0ms
304 timing idealTree:node_modules/body-parser/node_modules/content-type Completed in 0ms
305 timing idealTree:node_modules/negotiator/node_modules/content-type Completed in 0ms
306 timing idealTree:node_modules/type-is/node_modules/content-type Completed in 0ms
307 timing idealTree:buildDeps Completed in 3967ms
308 timing idealTree:fixDepFlags Completed in 1ms
309 timing idealTree Completed in 3994ms
310 timing reify:loadTrees Completed in 3997ms
311 timing reify:diffTrees Completed in 4ms
312 silly reify moves {}
313 timing reify:retireShallow Completed in 2ms
314 timing reify:createSparse Completed in 40ms
315 timing reify:loadBundles Completed in 0ms
316 silly audit bulk request {
316 silly audit   express: [ '5.2.1' ],
316 silly audit   accepts: [ '2.0.0' ],
316 silly audit   'body-parser': [ '2.3.0' ],
316 silly audit   'content-disposition': [ '1.1.0' ],
316 silly audit   'content-type': [ '1.0.5', '2.1.0' ],
316 silly audit   cookie: [ '0.7.2' ],
316 silly audit   'cookie-signature': [ '1.2.2' ],
316 silly audit   debug: [ '4.4.3' ],
316 silly audit   depd: [ '2.0.0' ],
316 silly audit   encodeurl: [ '2.0.0' ],
316 silly audit   'escape-html': [ '1.0.3' ],
316 silly audit   etag: [ '1.8.1' ],
316 silly audit   finalhandler: [ '2.1.1' ],
316 silly audit   fresh: [ '2.0.0' ],
316 silly audit   'http-errors': [ '2.0.1' ],
316 silly audit   'merge-descriptors': [ '2.0.0' ],
316 silly audit   'mime-types': [ '3.0.2' ],
316 silly audit   'on-finished': [ '2.4.1' ],
316 silly audit   once: [ '1.4.0' ],
316 silly audit   parseurl: [ '1.3.3' ],
316 silly audit   'proxy-addr': [ '2.0.8' ],
316 silly audit   qs: [ '6.16.0' ],
316 silly audit   'range-parser': [ '1.3.0' ],
316 silly audit   router: [ '2.2.0' ],
316 silly audit   send: [ '1.2.1' ],
316 silly audit   'serve-static': [ '2.2.1' ],
316 silly audit   statuses: [ '2.0.2' ],
316 silly audit   'type-is': [ '2.1.0' ],
316 silly audit   vary: [ '1.1.2' ],
316 silly audit   negotiator: [ '1.1.0' ],
316 silly audit   bytes: [ '3.1.2' ],
316 silly audit   'iconv-lite': [ '0.7.3' ],
316 silly audit   'raw-body': [ '3.0.2' ],
316 silly audit   ms: [ '2.1.3' ],
316 silly audit   inherits: [ '2.0.4' ],
316 silly audit   setprototypeof: [ '1.2.0' ],
316 silly audit   toidentifier: [ '1.0.1' ],
316 silly audit   'safer-buffer': [ '2.1.2' ],
316 silly audit   'mime-db': [ '1.54.0' ],
316 silly audit   'ee-first': [ '1.1.1' ],
316 silly audit   wrappy: [ '1.0.2' ],
316 silly audit   forwarded: [ '0.2.0' ],
316 silly audit   'ipaddr.js': [ '1.9.1' ],
316 silly audit   'es-define-property': [ '1.0.1' ],
316 silly audit   'side-channel': [ '1.1.1' ],
316 silly audit   unpipe: [ '1.0.0' ],
316 silly audit   'is-promise': [ '4.0.0' ],
316 silly audit   'path-to-regexp': [ '8.4.2' ],
316 silly audit   'es-errors': [ '1.3.0' ],
316 silly audit   'object-inspect': [ '1.13.4' ],
316 silly audit   'side-channel-list': [ '1.0.1' ],
316 silly audit   'side-channel-map': [ '1.0.1' ],
316 silly audit   'side-channel-weakmap': [ '1.0.2' ],
316 silly audit   'call-bound': [ '1.0.4' ],
316 silly audit   'get-intrinsic': [ '1.3.0' ],
316 silly audit   'call-bind-apply-helpers': [ '1.0.2' ],
316 silly audit   'function-bind': [ '1.1.2' ],
316 silly audit   'es-object-atoms': [ '1.1.2' ],
316 silly audit   'get-proto': [ '1.0.1' ],
316 silly audit   gopd: [ '1.2.0' ],
316 silly audit   'has-symbols': [ '1.1.0' ],
316 silly audit   hasown: [ '2.0.4' ],
316 silly audit   'math-intrinsics': [ '1.1.0' ],
316 silly audit   'dunder-proto': [ '1.0.1' ],
316 silly audit   'media-typer': [ '1.1.1' ]
316 silly audit }
317 silly tarball no local data for media-typer@https://registry.npmjs.org/media-typer/-/media-typer-1.1.1.tgz. Extracting by manifest.
318 silly tarball no local data for dunder-proto@https://registry.npmjs.org/dunder-proto/-/dunder-proto-1.0.1.tgz. Extracting by manifest.
319 silly tarball no local data for math-intrinsics@https://registry.npmjs.org/math-intrinsics/-/math-intrinsics-1.1.0.tgz. Extracting by manifest.
320 silly tarball no local data for hasown@https://registry.npmjs.org/hasown/-/hasown-2.0.4.tgz. Extracting by manifest.
321 silly tarball no local data for express@https://registry.npmjs.org/express/-/express-5.2.1.tgz. Extracting by manifest.
322 silly tarball no local data for content-type@https://registry.npmjs.org/content-type/-/content-type-2.1.0.tgz. Extracting by manifest.
323 silly tarball no local data for content-type@https://registry.npmjs.org/content-type/-/content-type-2.1.0.tgz. Extracting by manifest.
324 silly tarball no local data for has-symbols@https://registry.npmjs.org/has-symbols/-/has-symbols-1.1.0.tgz. Extracting by manifest.
325 silly tarball no local data for gopd@https://registry.npmjs.org/gopd/-/gopd-1.2.0.tgz. Extracting by manifest.
326 silly tarball no local data for get-proto@https://registry.npmjs.org/get-proto/-/get-proto-1.0.1.tgz. Extracting by manifest.
327 silly tarball no local data for es-object-atoms@https://registry.npmjs.org/es-object-atoms/-/es-object-atoms-1.1.2.tgz. Extracting by manifest.
328 silly tarball no local data for function-bind@https://registry.npmjs.org/function-bind/-/function-bind-1.1.2.tgz. Extracting by manifest.
329 silly tarball no local data for call-bind-apply-helpers@https://registry.npmjs.org/call-bind-apply-helpers/-/call-bind-apply-helpers-1.0.2.tgz. Extracting by manifest.
330 silly tarball no local data for get-intrinsic@https://registry.npmjs.org/get-intrinsic/-/get-intrinsic-1.3.0.tgz. Extracting by manifest.
331 silly tarball no local data for call-bound@https://registry.npmjs.org/call-bound/-/call-bound-1.0.4.tgz. Extracting by manifest.
332 silly tarball no local data for side-channel-weakmap@https://registry.npmjs.org/side-channel-weakmap/-/side-channel-weakmap-1.0.2.tgz. Extracting by manifest.
333 silly tarball no local data for side-channel-map@https://registry.npmjs.org/side-channel-map/-/side-channel-map-1.0.1.tgz. Extracting by manifest.
334 silly tarball no local data for side-channel-list@https://registry.npmjs.org/side-channel-list/-/side-channel-list-1.0.1.tgz. Extracting by manifest.
335 silly tarball no local data for object-inspect@https://registry.npmjs.org/object-inspect/-/object-inspect-1.13.4.tgz. Extracting by manifest.
336 silly tarball no local data for es-errors@https://registry.npmjs.org/es-errors/-/es-errors-1.3.0.tgz. Extracting by manifest.
337 silly tarball no local data for path-to-regexp@https://registry.npmjs.org/path-to-regexp/-/path-to-regexp-8.4.2.tgz. Extracting by manifest.
338 silly tarball no local data for is-promise@https://registry.npmjs.org/is-promise/-/is-promise-4.0.0.tgz. Extracting by manifest.
339 silly tarball no local data for unpipe@https://registry.npmjs.org/unpipe/-/unpipe-1.0.0.tgz. Extracting by manifest.
340 silly tarball no local data for side-channel@https://registry.npmjs.org/side-channel/-/side-channel-1.1.1.tgz. Extracting by manifest.
341 silly tarball no local data for es-define-property@https://registry.npmjs.org/es-define-property/-/es-define-property-1.0.1.tgz. Extracting by manifest.
342 silly tarball no local data for ipaddr.js@https://registry.npmjs.org/ipaddr.js/-/ipaddr.js-1.9.1.tgz. Extracting by manifest.
343 silly tarball no local data for forwarded@https://registry.npmjs.org/forwarded/-/forwarded-0.2.0.tgz. Extracting by manifest.
344 silly tarball no local data for wrappy@https://registry.npmjs.org/wrappy/-/wrappy-1.0.2.tgz. Extracting by manifest.
345 silly tarball no local data for ee-first@https://registry.npmjs.org/ee-first/-/ee-first-1.1.1.tgz. Extracting by manifest.
346 silly tarball no local data for mime-db@https://registry.npmjs.org/mime-db/-/mime-db-1.54.0.tgz. Extracting by manifest.
347 silly tarball no local data for safer-buffer@https://registry.npmjs.org/safer-buffer/-/safer-buffer-2.1.2.tgz. Extracting by manifest.
348 silly tarball no local data for toidentifier@https://registry.npmjs.org/toidentifier/-/toidentifier-1.0.1.tgz. Extracting by manifest.
349 silly tarball no local data for setprototypeof@https://registry.npmjs.org/setprototypeof/-/setprototypeof-1.2.0.tgz. Extracting by manifest.
350 silly tarball no local data for inherits@https://registry.npmjs.org/inherits/-/inherits-2.0.4.tgz. Extracting by manifest.
351 silly tarball no local data for ms@https://registry.npmjs.org/ms/-/ms-2.1.3.tgz. Extracting by manifest.
352 silly tarball no local data for raw-body@https://registry.npmjs.org/raw-body/-/raw-body-3.0.2.tgz. Extracting by manifest.
353 silly tarball no local data for iconv-lite@https://registry.npmjs.org/iconv-lite/-/iconv-lite-0.7.3.tgz. Extracting by manifest.
354 silly tarball no local data for bytes@https://registry.npmjs.org/bytes/-/bytes-3.1.2.tgz. Extracting by manifest.
355 silly tarball no local data for negotiator@https://registry.npmjs.org/negotiator/-/negotiator-1.1.0.tgz. Extracting by manifest.
356 silly tarball no local data for vary@https://registry.npmjs.org/vary/-/vary-1.1.2.tgz. Extracting by manifest.
357 silly tarball no local data for type-is@https://registry.npmjs.org/type-is/-/type-is-2.1.0.tgz. Extracting by manifest.
358 silly tarball no local data for statuses@https://registry.npmjs.org/statuses/-/statuses-2.0.2.tgz. Extracting by manifest.
359 silly tarball no local data for serve-static@https://registry.npmjs.org/serve-static/-/serve-static-2.2.1.tgz. Extracting by manifest.
360 silly tarball no local data for send@https://registry.npmjs.org/send/-/send-1.2.1.tgz. Extracting by manifest.
361 silly tarball no local data for router@https://registry.npmjs.org/router/-/router-2.2.0.tgz. Extracting by manifest.
362 silly tarball no local data for range-parser@https://registry.npmjs.org/range-parser/-/range-parser-1.3.0.tgz. Extracting by manifest.
363 silly tarball no local data for qs@https://registry.npmjs.org/qs/-/qs-6.16.0.tgz. Extracting by manifest.
364 silly tarball no local data for proxy-addr@https://registry.npmjs.org/proxy-addr/-/proxy-addr-2.0.8.tgz. Extracting by manifest.
365 silly tarball no local data for parseurl@https://registry.npmjs.org/parseurl/-/parseurl-1.3.3.tgz. Extracting by manifest.
366 silly tarball no local data for once@https://registry.npmjs.org/once/-/once-1.4.0.tgz. Extracting by manifest.
367 silly tarball no local data for on-finished@https://registry.npmjs.org/on-finished/-/on-finished-2.4.1.tgz. Extracting by manifest.
368 silly tarball no local data for mime-types@https://registry.npmjs.org/mime-types/-/mime-types-3.0.2.tgz. Extracting by manifest.
369 silly tarball no local data for merge-descriptors@https://registry.npmjs.org/merge-descriptors/-/merge-descriptors-2.0.0.tgz. Extracting by manifest.
370 silly tarball no local data for http-errors@https://registry.npmjs.org/http-errors/-/http-errors-2.0.1.tgz. Extracting by manifest.
371 silly tarball no local data for fresh@https://registry.npmjs.org/fresh/-/fresh-2.0.0.tgz. Extracting by manifest.
372 silly tarball no local data for finalhandler@https://registry.npmjs.org/finalhandler/-/finalhandler-2.1.1.tgz. Extracting by manifest.
373 silly tarball no local data for etag@https://registry.npmjs.org/etag/-/etag-1.8.1.tgz. Extracting by manifest.
374 silly tarball no local data for escape-html@https://registry.npmjs.org/escape-html/-/escape-html-1.0.3.tgz. Extracting by manifest.
375 silly tarball no local data for encodeurl@https://registry.npmjs.org/encodeurl/-/encodeurl-2.0.0.tgz. Extracting by manifest.
376 silly tarball no local data for depd@https://registry.npmjs.org/depd/-/depd-2.0.0.tgz. Extracting by manifest.
377 silly tarball no local data for debug@https://registry.npmjs.org/debug/-/debug-4.4.3.tgz. Extracting by manifest.
378 silly tarball no local data for cookie-signature@https://registry.npmjs.org/cookie-signature/-/cookie-signature-1.2.2.tgz. Extracting by manifest.
379 silly tarball no local data for cookie@https://registry.npmjs.org/cookie/-/cookie-0.7.2.tgz. Extracting by manifest.
380 silly tarball no local data for content-type@https://registry.npmjs.org/content-type/-/content-type-1.0.5.tgz. Extracting by manifest.
381 silly tarball no local data for content-disposition@https://registry.npmjs.org/content-disposition/-/content-disposition-1.1.0.tgz. Extracting by manifest.
382 silly tarball no local data for body-parser@https://registry.npmjs.org/body-parser/-/body-parser-2.3.0.tgz. Extracting by manifest.
383 silly tarball no local data for accepts@https://registry.npmjs.org/accepts/-/accepts-2.0.0.tgz. Extracting by manifest.
384 silly tarball no local data for content-type@https://registry.npmjs.org/content-type/-/content-type-2.1.0.tgz. Extracting by manifest.
385 http fetch POST 200 https://registry.npmjs.org/-/npm/v1/security/advisories/bulk 425ms
386 timing auditReport:getReport Completed in 432ms
387 silly audit report {}
388 timing auditReport:init Completed in 0ms
389 timing reify:audit Completed in 435ms
390 http fetch GET 200 https://registry.npmjs.org/media-typer/-/media-typer-1.1.1.tgz 823ms (cache miss)
391 timing reifyNode:node_modules/media-typer Completed in 878ms
392 http fetch GET 200 https://registry.npmjs.org/toidentifier/-/toidentifier-1.0.1.tgz 766ms (cache miss)
393 timing reifyNode:node_modules/toidentifier Completed in 890ms
394 http fetch GET 200 https://registry.npmjs.org/on-finished/-/on-finished-2.4.1.tgz 729ms (cache miss)
395 timing reifyNode:node_modules/on-finished Completed in 898ms
396 http fetch GET 200 https://registry.npmjs.org/range-parser/-/range-parser-1.3.0.tgz 746ms (cache miss)
397 timing reifyNode:node_modules/range-parser Completed in 899ms
398 http fetch GET 200 https://registry.npmjs.org/content-type/-/content-type-2.1.0.tgz 832ms (cache miss)
399 timing reifyNode:node_modules/negotiator/node_modules/content-type Completed in 899ms
400 http fetch GET 200 https://registry.npmjs.org/gopd/-/gopd-1.2.0.tgz 829ms (cache miss)
401 http fetch GET 200 https://registry.npmjs.org/call-bound/-/call-bound-1.0.4.tgz 816ms (cache miss)
402 http fetch GET 200 https://registry.npmjs.org/is-promise/-/is-promise-4.0.0.tgz 806ms (cache miss)
403 timing reifyNode:node_modules/is-promise Completed in 908ms
404 http fetch GET 200 https://registry.npmjs.org/unpipe/-/unpipe-1.0.0.tgz 805ms (cache miss)
405 timing reifyNode:node_modules/unpipe Completed in 911ms
406 http fetch GET 200 https://registry.npmjs.org/ee-first/-/ee-first-1.1.1.tgz 804ms (cache miss)
407 timing reifyNode:node_modules/ee-first Completed in 916ms
408 http fetch GET 200 https://registry.npmjs.org/bytes/-/bytes-3.1.2.tgz 786ms (cache miss)
409 timing reifyNode:node_modules/bytes Completed in 920ms
410 http fetch GET 200 https://registry.npmjs.org/negotiator/-/negotiator-1.1.0.tgz 787ms (cache miss)
411 http fetch GET 200 https://registry.npmjs.org/merge-descriptors/-/merge-descriptors-2.0.0.tgz 749ms (cache miss)
412 timing reifyNode:node_modules/merge-descriptors Completed in 923ms
413 timing reifyNode:node_modules/call-bound Completed in 931ms
414 http fetch GET 200 https://registry.npmjs.org/side-channel-list/-/side-channel-list-1.0.1.tgz 838ms (cache miss)
415 http fetch GET 200 https://registry.npmjs.org/wrappy/-/wrappy-1.0.2.tgz 823ms (cache miss)
416 timing reifyNode:node_modules/wrappy Completed in 933ms
417 http fetch GET 200 https://registry.npmjs.org/ipaddr.js/-/ipaddr.js-1.9.1.tgz 827ms (cache miss)
418 timing reifyNode:node_modules/ipaddr.js Completed in 935ms
419 http fetch GET 200 https://registry.npmjs.org/setprototypeof/-/setprototypeof-1.2.0.tgz 810ms (cache miss)
420 timing reifyNode:node_modules/setprototypeof Completed in 936ms
421 http fetch GET 200 https://registry.npmjs.org/inherits/-/inherits-2.0.4.tgz 809ms (cache miss)
422 timing reifyNode:node_modules/inherits Completed in 936ms
423 http fetch GET 200 https://registry.npmjs.org/mime-types/-/mime-types-3.0.2.tgz 764ms (cache miss)
424 timing reifyNode:node_modules/mime-types Completed in 936ms
425 http fetch GET 200 https://registry.npmjs.org/content-type/-/content-type-2.1.0.tgz 868ms (cache miss)
426 timing reifyNode:node_modules/type-is/node_modules/content-type Completed in 937ms
427 http fetch GET 200 https://registry.npmjs.org/hasown/-/hasown-2.0.4.tgz 875ms (cache miss)
428 timing reifyNode:node_modules/hasown Completed in 942ms
429 http fetch GET 200 https://registry.npmjs.org/function-bind/-/function-bind-1.1.2.tgz 865ms (cache miss)
430 http fetch GET 200 https://registry.npmjs.org/content-type/-/content-type-2.1.0.tgz 690ms (cache miss)
431 timing reifyNode:node_modules/body-parser/node_modules/content-type Completed in 944ms
432 timing reifyNode:node_modules/negotiator Completed in 946ms
433 http fetch GET 200 https://registry.npmjs.org/forwarded/-/forwarded-0.2.0.tgz 839ms (cache miss)
434 timing reifyNode:node_modules/forwarded Completed in 948ms
435 http fetch GET 200 https://registry.npmjs.org/once/-/once-1.4.0.tgz 780ms (cache miss)
436 timing reifyNode:node_modules/once Completed in 947ms
437 http fetch GET 200 https://registry.npmjs.org/type-is/-/type-is-2.1.0.tgz 801ms (cache miss)
438 timing reifyNode:node_modules/type-is Completed in 948ms
439 http fetch GET 200 https://registry.npmjs.org/statuses/-/statuses-2.0.2.tgz 800ms (cache miss)
440 timing reifyNode:node_modules/statuses Completed in 948ms
441 http fetch GET 200 https://registry.npmjs.org/etag/-/etag-1.8.1.tgz 765ms (cache miss)
442 timing reifyNode:node_modules/etag Completed in 948ms
443 http fetch GET 200 https://registry.npmjs.org/raw-body/-/raw-body-3.0.2.tgz 819ms (cache miss)
444 timing reifyNode:node_modules/raw-body Completed in 951ms
445 timing reifyNode:node_modules/gopd Completed in 954ms
446 http fetch GET 200 https://registry.npmjs.org/get-proto/-/get-proto-1.0.1.tgz 879ms (cache miss)
447 timing reifyNode:node_modules/side-channel-list Completed in 955ms
448 http fetch GET 200 https://registry.npmjs.org/es-define-property/-/es-define-property-1.0.1.tgz 851ms (cache miss)
449 http fetch GET 200 https://registry.npmjs.org/escape-html/-/escape-html-1.0.3.tgz 771ms (cache miss)
450 timing reifyNode:node_modules/escape-html Completed in 959ms
451 http fetch GET 200 https://registry.npmjs.org/side-channel-weakmap/-/side-channel-weakmap-1.0.2.tgz 871ms (cache miss)
452 http fetch GET 200 https://registry.npmjs.org/encodeurl/-/encodeurl-2.0.0.tgz 759ms (cache miss)
453 timing reifyNode:node_modules/encodeurl Completed in 961ms
454 http fetch GET 200 https://registry.npmjs.org/cookie-signature/-/cookie-signature-1.2.2.tgz 723ms (cache miss)
455 timing reifyNode:node_modules/cookie-signature Completed in 960ms
456 http fetch GET 200 https://registry.npmjs.org/finalhandler/-/finalhandler-2.1.1.tgz 782ms (cache miss)
457 timing reifyNode:node_modules/finalhandler Completed in 962ms
458 http fetch GET 200 https://registry.npmjs.org/ms/-/ms-2.1.3.tgz 833ms (cache miss)
459 timing reifyNode:node_modules/ms Completed in 963ms
460 http fetch GET 200 https://registry.npmjs.org/proxy-addr/-/proxy-addr-2.0.8.tgz 805ms (cache miss)
461 timing reifyNode:node_modules/proxy-addr Completed in 963ms
462 http fetch GET 200 https://registry.npmjs.org/parseurl/-/parseurl-1.3.3.tgz 805ms (cache miss)
463 timing reifyNode:node_modules/parseurl Completed in 963ms
464 http fetch GET 200 https://registry.npmjs.org/http-errors/-/http-errors-2.0.1.tgz 788ms (cache miss)
465 timing reifyNode:node_modules/http-errors Completed in 963ms
466 http fetch GET 200 https://registry.npmjs.org/path-to-regexp/-/path-to-regexp-8.4.2.tgz 870ms (cache miss)
467 timing reifyNode:node_modules/path-to-regexp Completed in 966ms
468 http fetch GET 200 https://registry.npmjs.org/es-object-atoms/-/es-object-atoms-1.1.2.tgz 889ms (cache miss)
469 timing reifyNode:node_modules/es-define-property Completed in 971ms
470 http fetch GET 200 https://registry.npmjs.org/vary/-/vary-1.1.2.tgz 826ms (cache miss)
471 timing reifyNode:node_modules/vary Completed in 970ms
472 http fetch GET 200 https://registry.npmjs.org/send/-/send-1.2.1.tgz 820ms (cache miss)
473 timing reifyNode:node_modules/send Completed in 971ms
474 timing reifyNode:node_modules/function-bind Completed in 975ms
475 http fetch GET 200 https://registry.npmjs.org/fresh/-/fresh-2.0.0.tgz 808ms (cache miss)
476 timing reifyNode:node_modules/fresh Completed in 984ms
477 http fetch GET 200 https://registry.npmjs.org/content-type/-/content-type-1.0.5.tgz 743ms (cache miss)
478 timing reifyNode:node_modules/content-type Completed in 985ms
479 http fetch GET 200 https://registry.npmjs.org/depd/-/depd-2.0.0.tgz 771ms (cache miss)
480 timing reifyNode:node_modules/depd Completed in 986ms
481 http fetch GET 200 https://registry.npmjs.org/cookie/-/cookie-0.7.2.tgz 746ms (cache miss)
482 timing reifyNode:node_modules/cookie Completed in 986ms
483 timing reifyNode:node_modules/get-proto Completed in 995ms
484 timing reifyNode:node_modules/side-channel-weakmap Completed in 995ms
485 http fetch GET 200 https://registry.npmjs.org/content-disposition/-/content-disposition-1.1.0.tgz 751ms (cache miss)
486 timing reifyNode:node_modules/content-disposition Completed in 993ms
487 http fetch GET 200 https://registry.npmjs.org/serve-static/-/serve-static-2.2.1.tgz 853ms (cache miss)
488 timing reifyNode:node_modules/serve-static Completed in 1003ms
489 timing reifyNode:node_modules/es-object-atoms Completed in 1009ms
490 http fetch GET 200 https://registry.npmjs.org/side-channel/-/side-channel-1.1.1.tgz 906ms (cache miss)
491 http fetch GET 200 https://registry.npmjs.org/accepts/-/accepts-2.0.0.tgz 765ms (cache miss)
492 timing reifyNode:node_modules/accepts Completed in 1010ms
493 timing reifyNode:node_modules/side-channel Completed in 1013ms
494 http fetch GET 200 https://registry.npmjs.org/dunder-proto/-/dunder-proto-1.0.1.tgz 961ms (cache miss)
495 http fetch GET 200 https://registry.npmjs.org/side-channel-map/-/side-channel-map-1.0.1.tgz 926ms (cache miss)
496 timing reifyNode:node_modules/side-channel-map Completed in 1017ms
497 http fetch GET 200 https://registry.npmjs.org/safer-buffer/-/safer-buffer-2.1.2.tgz 902ms (cache miss)
498 timing reifyNode:node_modules/safer-buffer Completed in 1017ms
499 timing reifyNode:node_modules/dunder-proto Completed in 1026ms
500 http fetch GET 200 https://registry.npmjs.org/body-parser/-/body-parser-2.3.0.tgz 778ms (cache miss)
501 http fetch GET 200 https://registry.npmjs.org/call-bind-apply-helpers/-/call-bind-apply-helpers-1.0.2.tgz 943ms (cache miss)
502 http fetch GET 200 https://registry.npmjs.org/debug/-/debug-4.4.3.tgz 804ms (cache miss)
503 timing reifyNode:node_modules/debug Completed in 1026ms
504 http fetch GET 200 https://registry.npmjs.org/has-symbols/-/has-symbols-1.1.0.tgz 958ms (cache miss)
505 timing reifyNode:node_modules/body-parser Completed in 1028ms
506 timing reifyNode:node_modules/has-symbols Completed in 1032ms
507 http fetch GET 200 https://registry.npmjs.org/express/-/express-5.2.1.tgz 967ms (cache miss)
508 timing reifyNode:node_modules/express Completed in 1031ms
509 http fetch GET 200 https://registry.npmjs.org/get-intrinsic/-/get-intrinsic-1.3.0.tgz 948ms (cache miss)
510 timing reifyNode:node_modules/get-intrinsic Completed in 1035ms
511 timing reifyNode:node_modules/call-bind-apply-helpers Completed in 1035ms
512 http fetch GET 200 https://registry.npmjs.org/es-errors/-/es-errors-1.3.0.tgz 944ms (cache miss)
513 http fetch GET 200 https://registry.npmjs.org/router/-/router-2.2.0.tgz 889ms (cache miss)
514 timing reifyNode:node_modules/router Completed in 1041ms
515 http fetch GET 200 https://registry.npmjs.org/mime-db/-/mime-db-1.54.0.tgz 930ms (cache miss)
516 timing reifyNode:node_modules/mime-db Completed in 1044ms
517 timing reifyNode:node_modules/es-errors Completed in 1045ms
518 http fetch GET 200 https://registry.npmjs.org/math-intrinsics/-/math-intrinsics-1.1.0.tgz 987ms (cache miss)
519 timing reifyNode:node_modules/math-intrinsics Completed in 1053ms
520 http fetch GET 200 https://registry.npmjs.org/qs/-/qs-6.16.0.tgz 909ms (cache miss)
521 timing reifyNode:node_modules/qs Completed in 1065ms
522 http fetch GET 200 https://registry.npmjs.org/object-inspect/-/object-inspect-1.13.4.tgz 973ms (cache miss)
523 timing reifyNode:node_modules/object-inspect Completed in 1066ms
524 http fetch GET 200 https://registry.npmjs.org/iconv-lite/-/iconv-lite-0.7.3.tgz 955ms (cache miss)
525 timing reifyNode:node_modules/iconv-lite Completed in 1088ms
526 timing reify:unpack Completed in 1091ms
527 timing reify:unretire Completed in 0ms
528 timing build:queue Completed in 2ms
529 timing build:deps Completed in 3ms
530 timing build Completed in 3ms
531 timing reify:build Completed in 4ms
532 timing reify:trash Completed in 0ms
533 timing reify:save Completed in 27ms
534 timing reify Completed in 5198ms
535 silly ADD node_modules/media-typer
536 silly ADD node_modules/dunder-proto
537 silly ADD node_modules/math-intrinsics
538 silly ADD node_modules/hasown
539 silly ADD node_modules/has-symbols
540 silly ADD node_modules/gopd
541 silly ADD node_modules/get-proto
542 silly ADD node_modules/es-object-atoms
543 silly ADD node_modules/function-bind
544 silly ADD node_modules/call-bind-apply-helpers
545 silly ADD node_modules/get-intrinsic
546 silly ADD node_modules/call-bound
547 silly ADD node_modules/side-channel-weakmap
548 silly ADD node_modules/side-channel-map
549 silly ADD node_modules/side-channel-list
550 silly ADD node_modules/object-inspect
551 silly ADD node_modules/es-errors
552 silly ADD node_modules/path-to-regexp
553 silly ADD node_modules/is-promise
554 silly ADD node_modules/unpipe
555 silly ADD node_modules/side-channel
556 silly ADD node_modules/es-define-property
557 silly ADD node_modules/ipaddr.js
558 silly ADD node_modules/forwarded
559 silly ADD node_modules/wrappy
560 silly ADD node_modules/ee-first
561 silly ADD node_modules/mime-db
562 silly ADD node_modules/safer-buffer
563 silly ADD node_modules/toidentifier
564 silly ADD node_modules/setprototypeof
565 silly ADD node_modules/inherits
566 silly ADD node_modules/ms
567 silly ADD node_modules/raw-body
568 silly ADD node_modules/iconv-lite
569 silly ADD node_modules/bytes
570 silly ADD node_modules/negotiator
571 silly ADD node_modules/negotiator/node_modules/content-type
572 silly ADD node_modules/vary
573 silly ADD node_modules/type-is
574 silly ADD node_modules/type-is/node_modules/content-type
575 silly ADD node_modules/statuses
576 silly ADD node_modules/serve-static
577 silly ADD node_modules/send
578 silly ADD node_modules/router
579 silly ADD node_modules/range-parser
580 silly ADD node_modules/qs
581 silly ADD node_modules/proxy-addr
582 silly ADD node_modules/parseurl
583 silly ADD node_modules/once
584 silly ADD node_modules/on-finished
585 silly ADD node_modules/mime-types
586 silly ADD node_modules/merge-descriptors
587 silly ADD node_modules/http-errors
588 silly ADD node_modules/fresh
589 silly ADD node_modules/finalhandler
590 silly ADD node_modules/etag
591 silly ADD node_modules/escape-html
592 silly ADD node_modules/encodeurl
593 silly ADD node_modules/depd
594 silly ADD node_modules/debug
595 silly ADD node_modules/cookie-signature
596 silly ADD node_modules/cookie
597 silly ADD node_modules/content-type
598 silly ADD node_modules/content-disposition
599 silly ADD node_modules/body-parser
600 silly ADD node_modules/body-parser/node_modules/content-type
601 silly ADD node_modules/accepts
602 silly ADD node_modules/express
603 timing command:install Completed in 5222ms
604 verbose exit 0
605 timing npm Completed in 5284ms
606 info ok
